CAPTURE {"utc": "2026-10-02T08:58:39.855870+00:00", "name": "korvo", "port": "/dev/cu.usbserial-2130", "round": 2, "duration": 180.0}
W (920) Application: EIDOLON-BUILDSTAMP git=3835ca3c5 sdk=3f98d8deed47d7e9b8ea9cb65b13d87c61174033 idf=6.1 branch=main built=Oct  2 2026 16:50:16
I (1160) EidolonUiPresenter: visible state=ASSETS scene=1
I (1330) EidolonUiPresenter: visible state=BOOT scene=0
I (1750) EidolonUiPresenter: visible state=NETWORK scene=2
I (6130) EidolonUiPresenter: visible state=SERVICE scene=6
I (14340) LocalMdns: resolve name=eidolon-hub-b3c897513cdce96b1f15.local family=0 result=ESP_ERR_NOT_FOUND address=- ms=8100
E (14340) esp-tls: couldn't get hostname for :eidolon-hub-b3c897513cdce96b1f15.local: getaddrinfo() returns 202, addrinfo=0
E (14370) HubHttp: GET https://eidolon-hub-b3c897513cdce96b1f15.local:8443/api/device-onboarding/v1/descriptor phase=open error=ESP_ERR_HTTP_CONNECT raw=28674 elapsed_ms=8126 status=0 socket_errno=5 tls_error=0x8001 tls_code=0 tls_flags=0x0
I (15380) SystemInfo: free sram: 212623 minimal sram: 109148
I (25380) SystemInfo: free sram: 212623 minimal sram: 109148
I (35380) SystemInfo: free sram: 212623 minimal sram: 109148
W (39660) HubActivator: Hub activation failed stage=directory-fetch error=ESP_ERR_HTTP_CONNECT code=0x7002 http=0 attempt=1 retry_s=10
I (45380) SystemInfo: free sram: 214115 minimal sram: 109148
I (55380) SystemInfo: free sram: 210495 minimal sram: 109148
I (57840) LocalMdns: resolve name=eidolon-hub-b3c897513cdce96b1f15.local family=0 result=ESP_ERR_NOT_FOUND address=- ms=8078
E (57840) esp-tls: couldn't get hostname for :eidolon-hub-b3c897513cdce96b1f15.local: getaddrinfo() returns 202, addrinfo=0
E (57870) HubHttp: GET https://eidolon-hub-b3c897513cdce96b1f15.local:8443/api/device-onboarding/v1/descriptor phase=open error=ESP_ERR_HTTP_CONNECT raw=28674 elapsed_ms=8103 status=0 socket_errno=5 tls_error=0x8001 tls_code=0 tls_flags=0x0
I (65380) SystemInfo: free sram: 212507 minimal sram: 109148
I (75380) SystemInfo: free sram: 212507 minimal sram: 109148
W (83160) HubActivator: Hub activation failed stage=directory-fetch error=ESP_ERR_HTTP_CONNECT code=0x7002 http=0 attempt=2 retry_s=20
I (85380) SystemInfo: free sram: 214107 minimal sram: 109148
I (95380) SystemInfo: free sram: 214107 minimal sram: 109148
I (105380) SystemInfo: free sram: 210539 minimal sram: 109148
I (111340) LocalMdns: resolve name=eidolon-hub-b3c897513cdce96b1f15.local family=0 result=ESP_ERR_NOT_FOUND address=- ms=8079
E (111340) esp-tls: couldn't get hostname for :eidolon-hub-b3c897513cdce96b1f15.local: getaddrinfo() returns 202, addrinfo=0
E (111370) HubHttp: GET https://eidolon-hub-b3c897513cdce96b1f15.local:8443/api/device-onboarding/v1/descriptor phase=open error=ESP_ERR_HTTP_CONNECT raw=28674 elapsed_ms=8105 status=0 socket_errno=5 tls_error=0x8001 tls_code=0 tls_flags=0x0
I (115380) SystemInfo: free sram: 212531 minimal sram: 109116
I (125380) SystemInfo: free sram: 212551 minimal sram: 109116
I (135380) SystemInfo: free sram: 212551 minimal sram: 109116
W (136660) HubActivator: Hub activation failed stage=directory-fetch error=ESP_ERR_HTTP_CONNECT code=0x7002 http=0 attempt=3 retry_s=40
I (145380) SystemInfo: free sram: 214135 minimal sram: 109116
I (155380) SystemInfo: free sram: 214135 minimal sram: 109116
I (165380) SystemInfo: free sram: 214135 minimal sram: 109116
I (175380) SystemInfo: free sram: 214135 minimal sram: 109116
