CAPTURE {"utc": "2026-10-02T09:50:43.883293+00:00", "name": "box", "port": "/dev/cu.usbmodem21201", "round": 1, "duration": 150.0}
W (209) Application: EIDOLON-BUILDSTAMP git=3835ca3c5 sdk=3f98d8deed47d7e9b8ea9cb65b13d87c61174033 idf=5.5.4 branch=main built=Oct  2 2026 16:40:05
I (509) EidolonUiPresenter: visible state=ASSETS scene=1
I (949) EidolonUiPresenter: visible state=BOOT scene=0
I (1199) EidolonUiPresenter: visible state=NETWORK scene=2
I (5449) EidolonUiPresenter: visible state=SERVICE scene=6
I (6289) LocalMdns: resolve name=eidolon-hub-f89c0ecca5d0070a7989.local family=0 result=ESP_OK address=192.168.3.230 ms=273
I (7829) LocalMdns: resolve name=eidolon-hub-f89c0ecca5d0070a7989.local family=0 result=ESP_OK address=192.168.3.230 ms=88
I (8959) LocalMdns: resolve name=eidolon-hub-f89c0ecca5d0070a7989.local family=0 result=ESP_OK address=192.168.3.230 ms=99
I (10039) SystemInfo: free sram: 120195 minimal sram: 104383
W (10419) EidolonVoice: [dispatch] type=0 wait_ms=0 run_ms=216 pending=0
I (12859) LocalMdns: resolve name=eidolon-hub-f89c0ecca5d0070a7989.local family=0 result=ESP_OK address=192.168.3.230 ms=89
I (14489) LocalMdns: resolve name=eidolon-hub-f89c0ecca5d0070a7989.local family=0 result=ESP_OK address=192.168.3.230 ms=165
W (15749) EidolonVoice: [dispatch] type=28 wait_ms=-1 run_ms=4144 pending=1
I (15799) EidolonUiPresenter: visible state=READY scene=7
W (15799) EidolonVoice: [dispatch] type=10 wait_ms=4022 run_ms=42 pending=0
I (24959) SystemInfo: free sram: 34783 minimal sram: 30063
I (34959) SystemInfo: free sram: 34611 minimal sram: 30063
I (44959) SystemInfo: free sram: 34611 minimal sram: 30063
I (54959) SystemInfo: free sram: 34611 minimal sram: 30063
I (64959) SystemInfo: free sram: 34611 minimal sram: 30063
I (74959) SystemInfo: free sram: 34611 minimal sram: 30063
I (84959) SystemInfo: free sram: 34611 minimal sram: 30063
I (94959) SystemInfo: free sram: 34611 minimal sram: 30063
I (104959) SystemInfo: free sram: 34611 minimal sram: 30063
I (114959) SystemInfo: free sram: 34611 minimal sram: 30063
I (124969) SystemInfo: free sram: 34631 minimal sram: 30063
I (134959) SystemInfo: free sram: 35267 minimal sram: 30063
I (144969) SystemInfo: free sram: 35267 minimal sram: 30063
