CAPTURE continuing WITHOUT requested reset epoch=1790930664.421185
rst:0x15 (USB_UART_CHIP_RESET),boot:0xa (SPI_FAST_FLASH_BOOT)
W (209) Application: EIDOLON-BUILDSTAMP git=3835ca3c5 sdk=3f98d8deed47d7e9b8ea9cb65b13d87c61174033 idf=5.5.4 branch=main built=Oct  2 2026 16:40:05
I (509) EidolonUiPresenter: visible state=ASSETS scene=1
I (949) EidolonUiPresenter: visible state=BOOT scene=0
I (1199) EidolonUiPresenter: visible state=NETWORK scene=2
I (5459) EidolonUiPresenter: visible state=SERVICE scene=6
I (14959) SystemInfo: free sram: 111363 minimal sram: 106323
I (19519) SystemInfo: free sram: 120383 minimal sram: 104063
I (19689) EidolonVoice: [lifecycle] SetState Idle -> ConfigReady reason=config_activated room_kind=none gen=0
I (19699) EidolonVoice: [lifecycle] begin gen=1 room_kind=control (state=ConfigReady)
I (19859) EidolonMicCap: Mic capture started topology=afe (codec=24000 Hz, out=16000 Hz, channels=2)
I (19909) livekit_signaling: Connecting to server: ws://192.168.3.230:7880/rtc?sdk=esp32&version=3f98d8deed47d7e9b8ea9cb65b13d87c61174033&os=idf&os_version=v5.5.4&device_model=9&auto_subscribe=false&protocol=1
I (19929) LiveKitSession: [lifecycle] room state=Connecting room_kind=voice identity=device-instance-7daac20ee4bcccdbc70c2979e8635f4b300ecb8b3534ca5961e3daa1fa38834a gen=1
I (19949) EidolonVoice: [lifecycle] lk_event=Connecting room_kind=control event_gen=1 cur_gen=1 state=ConfigReady switching=0 failure=None room=eidolon-device-a581e67a035ca24efd1198be
I (24459) LiveKitSession: [lifecycle] room state=Connected room_kind=voice identity=device-instance-7daac20ee4bcccdbc70c2979e8635f4b300ecb8b3534ca5961e3daa1fa38834a gen=1
I (27959) EidolonVoice: [lifecycle] Owner configuration current gen=1 revision=18
I (27959) EidolonVoice: [lifecycle] lk_event=Connected room_kind=control event_gen=1 cur_gen=1 state=ConfigReady switching=0 failure=None room=eidolon-device-a581e67a035ca24efd1198be
I (27989) EidolonVoice: [lifecycle] operational_ready=1 reason=channel_connected room_kind=control gen=1
I (28009) EidolonUiPresenter: visible state=READY scene=7
I (32129) EidolonVoice: [lifecycle] Owner configuration current gen=1 revision=18
I (37959) SystemInfo: free sram: 33015 minimal sram: 30371
I (47959) SystemInfo: free sram: 32271 minimal sram: 30371
I (57959) SystemInfo: free sram: 33015 minimal sram: 30371
I (67959) SystemInfo: free sram: 33015 minimal sram: 30371
I (77959) SystemInfo: free sram: 33015 minimal sram: 30371
I (87959) SystemInfo: free sram: 33015 minimal sram: 30371
I (97959) SystemInfo: free sram: 33015 minimal sram: 30371
I (107959) SystemInfo: free sram: 33015 minimal sram: 30371
I (117959) SystemInfo: free sram: 33015 minimal sram: 30371
I (127959) SystemInfo: free sram: 33047 minimal sram: 30371
I (137969) SystemInfo: free sram: 33471 minimal sram: 30371
I (147969) SystemInfo: free sram: 33683 minimal sram: 30371
I (157959) SystemInfo: free sram: 33683 minimal sram: 30371
I (167959) SystemInfo: free sram: 33683 minimal sram: 30371
I (177959) SystemInfo: free sram: 33683 minimal sram: 30371
I (187959) SystemInfo: free sram: 33683 minimal sram: 30371
I (197959) SystemInfo: free sram: 33683 minimal sram: 30371
I (207959) SystemInfo: free sram: 33683 minimal sram: 30371
I (217959) SystemInfo: free sram: 33683 minimal sram: 30371
I (227969) SystemInfo: free sram: 33683 minimal sram: 30371
I (237959) SystemInfo: free sram: 33683 minimal sram: 30371
I (247959) SystemInfo: free sram: 33683 minimal sram: 29483
I (257959) SystemInfo: free sram: 33683 minimal sram: 29483
I (267959) SystemInfo: free sram: 33683 minimal sram: 29483
I (277959) SystemInfo: free sram: 33683 minimal sram: 29483
I (287959) SystemInfo: free sram: 33683 minimal sram: 29483
I (297959) SystemInfo: free sram: 33683 minimal sram: 29483
I (307959) SystemInfo: free sram: 33683 minimal sram: 29483
I (317959) SystemInfo: free sram: 33683 minimal sram: 29483
I (327959) SystemInfo: free sram: 33683 minimal sram: 29483
I (337959) SystemInfo: free sram: 33463 minimal sram: 29483
I (347969) SystemInfo: free sram: 33603 minimal sram: 29483
I (357959) SystemInfo: free sram: 33683 minimal sram: 29483
I (367959) SystemInfo: free sram: 33683 minimal sram: 29483
I (377969) SystemInfo: free sram: 33683 minimal sram: 29483
I (387959) SystemInfo: free sram: 33683 minimal sram: 29483
I (397959) SystemInfo: free sram: 33683 minimal sram: 29483
I (406229) EidolonVoice: [lifecycle] Owner configuration invalidated gen=1
I (406239) EidolonVoice: [lifecycle] superseded gen=2 reason=configuration_changed (state=ConfigReady)
I (406399) LiveKitSession: [lifecycle] room state=Disconnected room_kind=voice identity=device-instance-7daac20ee4bcccdbc70c2979e8635f4b300ecb8b3534ca5961e3daa1fa38834a gen=1
I (406669) EidolonMicCap: Mic capture stopped
I (406669) EidolonVoice: [lifecycle] operational_ready=0 reason=configuration_changed room_kind=control gen=2
I (406689) EidolonVoice: [lifecycle] begin gen=3 room_kind=control (state=ConfigReady)
I (406689) EidolonUiPresenter: visible state=RETRY scene=10
I (406749) livekit_signaling: Connecting to server: ws://192.168.3.230:7880/rtc?sdk=esp32&version=3f98d8deed47d7e9b8ea9cb65b13d87c61174033&os=idf&os_version=v5.5.4&device_model=9&auto_subscribe=false&protocol=1
I (406749) EidolonVoice: [lifecycle] lk_event=Disconnected room_kind=control event_gen=1 cur_gen=3 STALE state=ConfigReady switching=0 failure=None room=eidolon-device-a581e67a035ca24efd1198be
I (406789) EidolonVoice: [lifecycle] dropping stale lk_event=Disconnected (event_gen=1 cur_gen=3)
I (406789) LiveKitSession: [lifecycle] room state=Connecting room_kind=voice identity=device-instance-7daac20ee4bcccdbc70c2979e8635f4b300ecb8b3534ca5961e3daa1fa38834a gen=3
I (406819) EidolonVoice: [lifecycle] lk_event=Connecting room_kind=control event_gen=3 cur_gen=3 state=ConfigReady switching=0 failure=None room=eidolon-device-a581e67a035ca24efd1198be
I (408219) LiveKitSession: [lifecycle] room state=Connected room_kind=voice identity=device-instance-7daac20ee4bcccdbc70c2979e8635f4b300ecb8b3534ca5961e3daa1fa38834a gen=3
I (408229) EidolonVoice: [lifecycle] lk_event=Connected room_kind=control event_gen=3 cur_gen=3 state=ConfigReady switching=0 failure=None room=eidolon-device-a581e67a035ca24efd1198be
I (408249) EidolonVoice: [lifecycle] operational_ready=1 reason=channel_connected room_kind=control gen=3
I (408269) EidolonUiPresenter: visible state=READY scene=7
I (412209) EidolonVoice: [lifecycle] Owner configuration current gen=3 revision=19
I (415089) livekit_engine: Subscribing to audio track: sid=TR_AypNzpbDHQ62q
I (417079) livekit_engine: Releasing audio track subscription: sid=TR_AypNzpbDHQ62q (publisher disconnected)
I (417959) SystemInfo: free sram: 65059 minimal sram: 29483
I (420309) livekit_engine: Subscribing to audio track: sid=TR_AEGiwiLd7qsqP
I (422269) livekit_engine: Releasing audio track subscription: sid=TR_AEGiwiLd7qsqP (publisher disconnected)
I (427959) SystemInfo: free sram: 64895 minimal sram: 29483
I (437959) SystemInfo: free sram: 64895 minimal sram: 29483
I (445369) EidolonVoice: [lifecycle] Owner configuration invalidated gen=3
I (445369) EidolonVoice: [lifecycle] superseded gen=4 reason=configuration_changed (state=ConfigReady)
I (445489) LiveKitSession: [lifecycle] room state=Disconnected room_kind=voice identity=device-instance-7daac20ee4bcccdbc70c2979e8635f4b300ecb8b3534ca5961e3daa1fa38834a gen=3
I (445699) EidolonVoice: [lifecycle] operational_ready=0 reason=configuration_changed room_kind=control gen=4
I (445719) EidolonVoice: [lifecycle] begin gen=5 room_kind=control (state=ConfigReady)
I (445719) EidolonUiPresenter: visible state=RETRY scene=10
I (445789) EidolonMicCap: Mic capture started topology=afe (codec=24000 Hz, out=16000 Hz, channels=2)
I (445839) livekit_signaling: Connecting to server: ws://192.168.3.230:7880/rtc?sdk=esp32&version=3f98d8deed47d7e9b8ea9cb65b13d87c61174033&os=idf&os_version=v5.5.4&device_model=9&auto_subscribe=false&protocol=1
I (445849) EidolonVoice: [lifecycle] lk_event=Disconnected room_kind=control event_gen=3 cur_gen=5 STALE state=ConfigReady switching=0 failure=None room=eidolon-device-a581e67a035ca24efd1198be
I (445879) EidolonVoice: [lifecycle] dropping stale lk_event=Disconnected (event_gen=3 cur_gen=5)
I (445879) LiveKitSession: [lifecycle] room state=Connecting room_kind=voice identity=device-instance-7daac20ee4bcccdbc70c2979e8635f4b300ecb8b3534ca5961e3daa1fa38834a gen=5
I (445909) EidolonVoice: [lifecycle] lk_event=Connecting room_kind=control event_gen=5 cur_gen=5 state=ConfigReady switching=0 failure=None room=eidolon-device-a581e67a035ca24efd1198be
I (447509) LiveKitSession: [lifecycle] room state=Connected room_kind=voice identity=device-instance-7daac20ee4bcccdbc70c2979e8635f4b300ecb8b3534ca5961e3daa1fa38834a gen=5
I (449669) EidolonVoice: [lifecycle] Owner configuration current gen=5 revision=20
I (449669) EidolonVoice: [lifecycle] lk_event=Connected room_kind=control event_gen=5 cur_gen=5 state=ConfigReady switching=0 failure=None room=eidolon-device-a581e67a035ca24efd1198be
I (449689) EidolonVoice: [lifecycle] operational_ready=1 reason=channel_connected room_kind=control gen=5
I (449709) EidolonUiPresenter: visible state=READY scene=7
I (452759) EidolonVoice: [lifecycle] Owner configuration current gen=5 revision=20
I (458969) SystemInfo: free sram: 35987 minimal sram: 29483
I (468959) SystemInfo: free sram: 35987 minimal sram: 29483
I (472949) EidolonVoice: [lifecycle] Owner configuration invalidated gen=5
I (472949) EidolonVoice: [lifecycle] superseded gen=6 reason=configuration_changed (state=ConfigReady)
I (473059) LiveKitSession: [lifecycle] room state=Disconnected room_kind=voice identity=device-instance-7daac20ee4bcccdbc70c2979e8635f4b300ecb8b3534ca5961e3daa1fa38834a gen=5
I (473349) EidolonMicCap: Mic capture stopped
I (473349) EidolonVoice: [lifecycle] operational_ready=0 reason=configuration_changed room_kind=control gen=6
I (473369) EidolonVoice: [lifecycle] begin gen=7 room_kind=control (state=ConfigReady)
I (473369) EidolonUiPresenter: visible state=RETRY scene=10
I (473429) livekit_signaling: Connecting to server: ws://192.168.3.230:7880/rtc?sdk=esp32&version=3f98d8deed47d7e9b8ea9cb65b13d87c61174033&os=idf&os_version=v5.5.4&device_model=9&auto_subscribe=false&protocol=1
I (473429) EidolonVoice: [lifecycle] lk_event=Disconnected room_kind=control event_gen=5 cur_gen=7 STALE state=ConfigReady switching=0 failure=None room=eidolon-device-a581e67a035ca24efd1198be
I (473469) LiveKitSession: [lifecycle] room state=Connecting room_kind=voice identity=device-instance-7daac20ee4bcccdbc70c2979e8635f4b300ecb8b3534ca5961e3daa1fa38834a gen=7
I (473469) EidolonVoice: [lifecycle] dropping stale lk_event=Disconnected (event_gen=5 cur_gen=7)
I (473499) EidolonVoice: [lifecycle] lk_event=Connecting room_kind=control event_gen=7 cur_gen=7 state=ConfigReady switching=0 failure=None room=eidolon-device-a581e67a035ca24efd1198be
I (474569) LiveKitSession: [lifecycle] room state=Connected room_kind=voice identity=device-instance-7daac20ee4bcccdbc70c2979e8635f4b300ecb8b3534ca5961e3daa1fa38834a gen=7
I (474579) EidolonVoice: [lifecycle] lk_event=Connected room_kind=control event_gen=7 cur_gen=7 state=ConfigReady switching=0 failure=None room=eidolon-device-a581e67a035ca24efd1198be
I (474599) EidolonVoice: [lifecycle] operational_ready=1 reason=channel_connected room_kind=control gen=7
I (474619) EidolonUiPresenter: visible state=READY scene=7
I (478329) EidolonVoice: [lifecycle] Owner configuration current gen=7 revision=21
I (483959) SystemInfo: free sram: 72327 minimal sram: 29483
I (493959) SystemInfo: free sram: 72155 minimal sram: 29483
I (498399) EidolonVoice: [lifecycle] Owner configuration invalidated gen=7
I (498399) EidolonVoice: [lifecycle] superseded gen=8 reason=configuration_changed (state=ConfigReady)
I (498599) LiveKitSession: [lifecycle] room state=Disconnected room_kind=voice identity=device-instance-7daac20ee4bcccdbc70c2979e8635f4b300ecb8b3534ca5961e3daa1fa38834a gen=7
I (498759) EidolonVoice: [lifecycle] operational_ready=0 reason=configuration_changed room_kind=control gen=8
I (498779) EidolonVoice: [lifecycle] begin gen=9 room_kind=control (state=ConfigReady)
I (498779) EidolonUiPresenter: visible state=RETRY scene=10
I (498849) EidolonMicCap: Mic capture started topology=afe (codec=24000 Hz, out=16000 Hz, channels=2)
I (498899) livekit_signaling: Connecting to server: ws://192.168.3.230:7880/rtc?sdk=esp32&version=3f98d8deed47d7e9b8ea9cb65b13d87c61174033&os=idf&os_version=v5.5.4&device_model=9&auto_subscribe=false&protocol=1
I (498909) EidolonVoice: [lifecycle] lk_event=Disconnected room_kind=control event_gen=7 cur_gen=9 STALE state=ConfigReady switching=0 failure=None room=eidolon-device-a581e67a035ca24efd1198be
I (498939) EidolonVoice: [lifecycle] dropping stale lk_event=Disconnected (event_gen=7 cur_gen=9)
I (498939) LiveKitSession: [lifecycle] room state=Connecting room_kind=voice identity=device-instance-7daac20ee4bcccdbc70c2979e8635f4b300ecb8b3534ca5961e3daa1fa38834a gen=9
I (498969) EidolonVoice: [lifecycle] lk_event=Connecting room_kind=control event_gen=9 cur_gen=9 state=ConfigReady switching=0 failure=None room=eidolon-device-a581e67a035ca24efd1198be
I (500579) LiveKitSession: [lifecycle] room state=Connected room_kind=voice identity=device-instance-7daac20ee4bcccdbc70c2979e8635f4b300ecb8b3534ca5961e3daa1fa38834a gen=9
I (502829) EidolonVoice: [lifecycle] Owner configuration current gen=9 revision=22
I (502839) EidolonVoice: [lifecycle] lk_event=Connected room_kind=control event_gen=9 cur_gen=9 state=ConfigReady switching=0 failure=None room=eidolon-device-a581e67a035ca24efd1198be
I (502849) EidolonVoice: [lifecycle] operational_ready=1 reason=channel_connected room_kind=control gen=9
I (502869) EidolonUiPresenter: visible state=READY scene=7
I (505919) EidolonVoice: [lifecycle] Owner configuration current gen=9 revision=22
I (511969) SystemInfo: free sram: 36503 minimal sram: 29483
I (521969) SystemInfo: free sram: 36907 minimal sram: 29483
I (524839) EidolonVoice: [lifecycle] Owner configuration invalidated gen=9
I (524849) EidolonVoice: [lifecycle] superseded gen=10 reason=configuration_changed (state=ConfigReady)
I (524979) LiveKitSession: [lifecycle] room state=Disconnected room_kind=voice identity=device-instance-7daac20ee4bcccdbc70c2979e8635f4b300ecb8b3534ca5961e3daa1fa38834a gen=9
I (525249) EidolonMicCap: Mic capture stopped
I (525249) EidolonVoice: [lifecycle] operational_ready=0 reason=configuration_changed room_kind=control gen=10
I (525269) EidolonVoice: [lifecycle] begin gen=11 room_kind=control (state=ConfigReady)
I (525269) EidolonUiPresenter: visible state=RETRY scene=10
I (525329) livekit_signaling: Connecting to server: ws://192.168.3.230:7880/rtc?sdk=esp32&version=3f98d8deed47d7e9b8ea9cb65b13d87c61174033&os=idf&os_version=v5.5.4&device_model=9&auto_subscribe=false&protocol=1
I (525329) EidolonVoice: [lifecycle] lk_event=Disconnected room_kind=control event_gen=9 cur_gen=11 STALE state=ConfigReady switching=0 failure=None room=eidolon-device-a581e67a035ca24efd1198be
I (525369) EidolonVoice: [lifecycle] dropping stale lk_event=Disconnected (event_gen=9 cur_gen=11)
I (525369) LiveKitSession: [lifecycle] room state=Connecting room_kind=voice identity=device-instance-7daac20ee4bcccdbc70c2979e8635f4b300ecb8b3534ca5961e3daa1fa38834a gen=11
I (525399) EidolonVoice: [lifecycle] lk_event=Connecting room_kind=control event_gen=11 cur_gen=11 state=ConfigReady switching=0 failure=None room=eidolon-device-a581e67a035ca24efd1198be
I (534959) SystemInfo: free sram: 86619 minimal sram: 29483
I (536049) LiveKitSession: [lifecycle] room state=Connected room_kind=voice identity=device-instance-7daac20ee4bcccdbc70c2979e8635f4b300ecb8b3534ca5961e3daa1fa38834a gen=11
I (536059) EidolonVoice: [lifecycle] lk_event=Connected room_kind=control event_gen=11 cur_gen=11 state=ConfigReady switching=0 failure=None room=eidolon-device-a581e67a035ca24efd1198be
I (536079) EidolonVoice: [lifecycle] operational_ready=1 reason=channel_connected room_kind=control gen=11
I (536099) EidolonUiPresenter: visible state=READY scene=7
I (541269) EidolonVoice: [lifecycle] Owner configuration current gen=11 revision=23
I (545959) SystemInfo: free sram: 71123 minimal sram: 29483
I (555959) SystemInfo: free sram: 59367 minimal sram: 29483
I (557899) EidolonVoice: [lifecycle] Owner configuration invalidated gen=11
I (557899) EidolonVoice: [lifecycle] superseded gen=12 reason=configuration_changed (state=ConfigReady)
I (557999) LiveKitSession: [lifecycle] room state=Disconnected room_kind=voice identity=device-instance-7daac20ee4bcccdbc70c2979e8635f4b300ecb8b3534ca5961e3daa1fa38834a gen=11
I (558159) EidolonVoice: [lifecycle] operational_ready=0 reason=configuration_changed room_kind=control gen=12
I (558179) EidolonVoice: [lifecycle] begin gen=13 room_kind=control (state=ConfigReady)
I (558179) EidolonUiPresenter: visible state=RETRY scene=10
I (558249) EidolonMicCap: Mic capture started topology=afe (codec=24000 Hz, out=16000 Hz, channels=2)
I (558299) livekit_signaling: Connecting to server: ws://192.168.3.230:7880/rtc?sdk=esp32&version=3f98d8deed47d7e9b8ea9cb65b13d87c61174033&os=idf&os_version=v5.5.4&device_model=9&auto_subscribe=false&protocol=1
I (558309) EidolonVoice: [lifecycle] lk_event=Disconnected room_kind=control event_gen=11 cur_gen=13 STALE state=ConfigReady switching=0 failure=None room=eidolon-device-a581e67a035ca24efd1198be
I (558339) EidolonVoice: [lifecycle] dropping stale lk_event=Disconnected (event_gen=11 cur_gen=13)
I (558339) LiveKitSession: [lifecycle] room state=Connecting room_kind=voice identity=device-instance-7daac20ee4bcccdbc70c2979e8635f4b300ecb8b3534ca5961e3daa1fa38834a gen=13
I (558369) EidolonVoice: [lifecycle] lk_event=Connecting room_kind=control event_gen=13 cur_gen=13 state=ConfigReady switching=0 failure=None room=eidolon-device-a581e67a035ca24efd1198be
I (559979) LiveKitSession: [lifecycle] room state=Connected room_kind=voice identity=device-instance-7daac20ee4bcccdbc70c2979e8635f4b300ecb8b3534ca5961e3daa1fa38834a gen=13
I (562299) EidolonVoice: [lifecycle] Owner configuration current gen=13 revision=24
I (562309) EidolonVoice: [lifecycle] lk_event=Connected room_kind=control event_gen=13 cur_gen=13 state=ConfigReady switching=0 failure=None room=eidolon-device-a581e67a035ca24efd1198be
I (562319) EidolonVoice: [lifecycle] operational_ready=1 reason=channel_connected room_kind=control gen=13
I (562339) EidolonUiPresenter: visible state=READY scene=7
I (565339) EidolonVoice: [lifecycle] Owner configuration current gen=13 revision=24
I (571969) SystemInfo: free sram: 36287 minimal sram: 29483
I (581969) SystemInfo: free sram: 36287 minimal sram: 29483
I (591969) SystemInfo: free sram: 36287 minimal sram: 29483
